[
	['name','info'],
	['John','He said, "Hello, world!"'],
	['Jane','Path: C:\\Users\\Jane']
]

