[
	['name','age','note'],
	['John Johnny Doe','30','"Programmer"'],
	['Jane','25','"Designer"']
]

