[
	['name','description'],
	['John Doe','Line 1\nLine 2'],
	['Jane','Single line']
]

