[
	['1','2',None,'3'],
	['abcd','efg','hij','klm']
]

