John,NULL,Boston
John,"",Boston
John,'',Boston
John,\N,Boston
John,NULL,Boston
John,"",Boston
John,'',Boston
John,NULL,Boston
