# File: x00
1,a
2,b
# File: x01
3,c
4,d
# File: x02
5,e
