      #bytes: 104
       #rows: 3
    #columns: 3
avg row size: 34
min row size: 25
max row size: 40
