      #bytes: 37
       #rows: 2
    #columns: 3
avg row size: 18
min row size: 17
max row size: 20
